{
    "stays": [
        {
            "checkOut": "2025-08-03T11:20:19+00:00",
            "name": "Puerto de la Cruz",
            "checkIn": "2025-08-01T11:20:19+00:00",
            "nights": 2
        },
        {
            "checkOut": "2025-08-05T11:20:19+00:00",
            "name": "Playa del Inglés",
            "checkIn": "2025-08-03T11:20:19+00:00",
            "nights": 2
        },
        {
            "checkOut": "2025-08-06T11:20:19+00:00",
            "name": "Costa del Silencio",
            "checkIn": "2025-08-05T11:20:19+00:00",
            "nights": 1
        },
        {
            "checkOut": "2025-08-07T11:20:19+00:00",
            "name": "San Sebastián de La Gomera",
            "checkIn": "2025-08-06T11:20:19+00:00",
            "nights": 1
        },
        {
            "checkOut": "2025-08-08T11:20:19+00:00",
            "name": "Costa Adeje",
            "checkIn": "2025-08-07T11:20:19+00:00",
            "nights": 1
        }
    ],
    "flights": [
        {
            "startLocationName": "Düsseldorf (DUS)",
            "endLocationName": "Teneriffa (TFS)",
            "startDateTime": "2025-08-01T12:30:00+02:00",
            "endDateTime": "2025-08-01T16:10:00+01:00"
        },
        {
            "startLocationName": "Teneriffa (TFS)",
            "endLocationName": "Düsseldorf (DUS)",
            "startDateTime": "2025-08-08T17:10:00+01:00",
            "endDateTime": "2025-08-08T22:30:00+02:00"
        }
    ],
    "transfers": [
        {
            "startLocationName": "Santa Cruz de Tenerife",
            "endLocationName": "Agaete",
            "startDateTime": "2025-08-03T06:44:00+01:00",
            "endDateTime": "2025-08-03T08:04:00+01:00"
        },
        {
            "startLocationName": "Agaete",
            "endLocationName": "Santa Cruz de Tenerife",
            "startDateTime": "2025-08-05T07:03:00+01:00",
            "endDateTime": "2025-08-05T08:23:00+01:00"
        },
        {
            "startLocationName": "Puerto Los Cristianos",
            "endLocationName": "Puerto de San Sebastián de La Gomera",
            "startDateTime": "2025-08-06T09:00:00+01:00",
            "endDateTime": "2025-08-06T09:50:00+01:00"
        },
        {
            "startLocationName": "Puerto de San Sebastián de La Gomera",
            "endLocationName": "Puerto Los Cristianos",
            "startDateTime": "2025-08-07T09:00:00+01:00",
            "endDateTime": "2025-08-07T09:50:00+01:00"
        }
    ],
    "activities": [
        {
            "name": "2-stündiges Fotoshooting auf Teneriffa",
            "startDateTime": "2025-08-02T00:00:00+01:00",
            "endDateTime": "2025-08-02T02:00:00+01:00"
        },
        {
            "name": "Aquasports Kombi-Wassersport-Ticket",
            "startDateTime": "2025-08-04T00:00:00+01:00",
            "endDateTime": "2025-08-04T00:00:00+01:00"
        }
    ],
    "rentalCars": [
        {
            "name": "Group A (Toyota Aygo or similar)",
            "startDateTime": "2025-08-01T12:00:00+01:00",
            "endDateTime": "2025-08-01T13:08:00+01:00"
        },
        {
            "name": "Group A (Toyota Aygo or similar)",
            "startDateTime": "2025-08-03T06:00:00+01:00",
            "endDateTime": "2025-08-03T06:44:00+01:00"
        },
        {
            "name": "Group A (Toyota Aygo or similar)",
            "startDateTime": "2025-08-03T08:04:00+01:00",
            "endDateTime": "2025-08-03T09:05:00+01:00"
        },
        {
            "name": "Group A (Toyota Aygo or similar)",
            "startDateTime": "2025-08-05T06:00:00+01:00",
            "endDateTime": "2025-08-05T07:03:00+01:00"
        },
        {
            "name": "Group A (Toyota Aygo or similar)",
            "startDateTime": "2025-08-05T08:23:00+01:00",
            "endDateTime": "2025-08-05T09:19:00+01:00"
        },
        {
            "name": "Group A (Toyota Aygo or similar)",
            "startDateTime": "2025-08-06T09:50:00+01:00",
            "endDateTime": "2025-08-06T10:37:00+01:00"
        },
        {
            "name": "Group A (Toyota Aygo or similar)",
            "startDateTime": "2025-08-07T09:50:00+01:00",
            "endDateTime": "2025-08-07T09:59:00+01:00"
        }
    ]
}
